Archive member included because of file (symbol)

c:/program files/winavr/bin/../lib/gcc/avr/4.3.3/avr5\libgcc.a(_exit.o)
                              c:/program files/winavr/bin/../lib/gcc/avr/4.3.3/../../../../avr/lib/avr5/crtm328p.o (exit)
c:/program files/winavr/bin/../lib/gcc/avr/4.3.3/avr5\libgcc.a(_copy_data.o)
                              UIMgr.o (__do_copy_data)
c:/program files/winavr/bin/../lib/gcc/avr/4.3.3/avr5\libgcc.a(_clear_bss.o)
                              CamConfig.o (__do_clear_bss)
c:/program files/winavr/bin/../lib/gcc/avr/4.3.3/../../../../avr/lib/avr5\libc.a(atoi.o)
                              UIMgr.o (atoi)
c:/program files/winavr/bin/../lib/gcc/avr/4.3.3/../../../../avr/lib/avr5\libc.a(mul10.o)
                              c:/program files/winavr/bin/../lib/gcc/avr/4.3.3/../../../../avr/lib/avr5\libc.a(atoi.o) (__mulhi_const_10)
c:/program files/winavr/bin/../lib/gcc/avr/4.3.3/../../../../avr/lib/avr5\libc.a(eerd_block_atmega328p.o)
                              CamInterface.o (__eerd_block_m328p)
c:/program files/winavr/bin/../lib/gcc/avr/4.3.3/../../../../avr/lib/avr5\libc.a(eerd_byte_atmega328p.o)
                              UIMgr.o (__eerd_byte_m328p)
c:/program files/winavr/bin/../lib/gcc/avr/4.3.3/../../../../avr/lib/avr5\libc.a(eewr_byte_atmega328p.o)
                              UIMgr.o (__eewr_byte_m328p)

Allocating common symbols
Common symbol       size              file

previousLineBuffer  0xb0              CamInterface.o
UIMgr_rxFifo        0x20              UIMgr.o
currentLineBuffer   0xb0              CamInterface.o
Exec_eventFifo      0x8               Executive.o
CamConfig_txFifo    0x10              CamConfig.o
UIMgr_txFifo        0x40              UIMgr.o

Memory Configuration

Name             Origin             Length             Attributes
text             0x00000000         0x00020000         xr
data             0x00800060         0x0000ffa0         rw !x
eeprom           0x00810000         0x00010000         rw !x
fuse             0x00820000         0x00000400         rw !x
lock             0x00830000         0x00000400         rw !x
signature        0x00840000         0x00000400         rw !x
*default*        0x00000000         0xffffffff

Linker script and memory map

Address of section .data set to 0x800100
LOAD c:/program files/winavr/bin/../lib/gcc/avr/4.3.3/../../../../avr/lib/avr5/crtm328p.o
Address of section .noinit set to 0x800400
LOAD Utility.o
LOAD CamConfig.o
LOAD CamInterface.o
LOAD CamInterface2.o
LOAD CamInterfaceAsm.o
LOAD DebugInterface.o
LOAD Executive.o
LOAD FrameMgr.o
LOAD I2CInterface.o
LOAD Main.o
LOAD UartInterface.o
LOAD UIMgr.o
LOAD c:/program files/winavr/bin/../lib/gcc/avr/4.3.3/avr5\libgcc.a
LOAD c:/program files/winavr/bin/../lib/gcc/avr/4.3.3/../../../../avr/lib/avr5\libc.a
LOAD c:/program files/winavr/bin/../lib/gcc/avr/4.3.3/avr5\libgcc.a

.hash
 *(.hash)

.dynsym
 *(.dynsym)

.dynstr
 *(.dynstr)

.gnu.version
 *(.gnu.version)

.gnu.version_d
 *(.gnu.version_d)

.gnu.version_r
 *(.gnu.version_r)

.rel.init
 *(.rel.init)

.rela.init
 *(.rela.init)

.rel.text
 *(.rel.text)
 *(.rel.text.*)
 *(.rel.gnu.linkonce.t*)

.rela.text
 *(.rela.text)
 *(.rela.text.*)
 *(.rela.gnu.linkonce.t*)

.rel.fini
 *(.rel.fini)

.rela.fini
 *(.rela.fini)

.rel.rodata
 *(.rel.rodata)
 *(.rel.rodata.*)
 *(.rel.gnu.linkonce.r*)

.rela.rodata
 *(.rela.rodata)
 *(.rela.rodata.*)
 *(.rela.gnu.linkonce.r*)

.rel.data
 *(.rel.data)
 *(.rel.data.*)
 *(.rel.gnu.linkonce.d*)

.rela.data
 *(.rela.data)
 *(.rela.data.*)
 *(.rela.gnu.linkonce.d*)

.rel.ctors
 *(.rel.ctors)

.rela.ctors
 *(.rela.ctors)

.rel.dtors
 *(.rel.dtors)

.rela.dtors
 *(.rela.dtors)

.rel.got
 *(.rel.got)

.rela.got
 *(.rela.got)

.rel.bss
 *(.rel.bss)

.rela.bss
 *(.rela.bss)

.rel.plt
 *(.rel.plt)

.rela.plt
 *(.rela.plt)

.text           0x00000000     0x1106
 *(.vectors)
 .vectors       0x00000000       0x68 c:/program files/winavr/bin/../lib/gcc/avr/4.3.3/../../../../avr/lib/avr5/crtm328p.o
                0x00000000                __vectors
 *(.vectors)
 *(.progmem.gcc*)
 *(.progmem*)
                0x00000068                . = ALIGN (0x2)
                0x00000068                __trampolines_start = .
 *(.trampolines)
 .trampolines   0x00000068        0x0 linker stubs
 *(.trampolines*)
                0x00000068                __trampolines_end = .
 *(.jumptables)
 *(.jumptables*)
 *(.lowtext)
 *(.lowtext*)
                0x00000068                __ctors_start = .
 *(.ctors)
                0x00000068                __ctors_end = .
                0x00000068                __dtors_start = .
 *(.dtors)
                0x00000068                __dtors_end = .
 SORT(*)(.ctors)
 SORT(*)(.dtors)
 *(.init0)
 .init0         0x00000068        0x0 c:/program files/winavr/bin/../lib/gcc/avr/4.3.3/../../../../avr/lib/avr5/crtm328p.o
                0x00000068                __init
 *(.init0)
 *(.init1)
 *(.init1)
 *(.init2)
 .init2         0x00000068        0xc c:/program files/winavr/bin/../lib/gcc/avr/4.3.3/../../../../avr/lib/avr5/crtm328p.o
 *(.init2)
 *(.init3)
 *(.init3)
 *(.init4)
 .init4         0x00000074       0x16 c:/program files/winavr/bin/../lib/gcc/avr/4.3.3/avr5\libgcc.a(_copy_data.o)
                0x00000074                __do_copy_data
 .init4         0x0000008a       0x10 c:/program files/winavr/bin/../lib/gcc/avr/4.3.3/avr5\libgcc.a(_clear_bss.o)
                0x0000008a                __do_clear_bss
 *(.init4)
 *(.init5)
 *(.init5)
 *(.init6)
 *(.init6)
 *(.init7)
 *(.init7)
 *(.init8)
 *(.init8)
 *(.init9)
 .init9         0x0000009a        0x8 c:/program files/winavr/bin/../lib/gcc/avr/4.3.3/../../../../avr/lib/avr5/crtm328p.o
 *(.init9)
 *(.text)
 .text          0x000000a2        0x4 c:/program files/winavr/bin/../lib/gcc/avr/4.3.3/../../../../avr/lib/avr5/crtm328p.o
                0x000000a2                __bad_interrupt
 .text          0x000000a6       0x5a Utility.o
                0x000000a6                Utility_delay
 .text          0x00000100       0xc6 CamConfig.o
                0x00000198                CamConfig_init
                0x00000100                CamConfig_writeTxFifo
                0x00000132                CamConfig_sendFifoCmds
                0x0000012a                CamConfig_setCamReg
 .text          0x000001c6       0x5e CamInterface.o
                0x000001c8                CamInt_init
                0x000001c6                CamInt_resetCam
 .text          0x00000224       0x14 CamInterface2.o
                0x00000224                CamInt_waitForNewFrame
                0x00000236                __vector_default
                0x00000226                CamInt_acquireLine
 .text          0x00000238      0x12c CamInterfaceAsm.o
                0x0000035e                __vector_22
                0x0000032a                __vector_1
                0x0000034e                __vector_12
                0x00000342                __vector_6
                0x0000033c                __vector_3
                0x00000360                __vector_23
                0x00000362                __vector_25
                0x0000034c                __vector_11
                0x0000032e                __vector_13
                0x00000356                __vector_17
                0x00000358                __vector_19
                0x00000344                __vector_7
                0x000002de                CamIntAsm_acquireDumpLine
                0x00000340                __vector_5
                0x0000033e                __vector_4
                0x00000348                __vector_9
                0x0000032c                __vector_2
                0x000002d8                CamIntAsm_waitForNewDumpFrame
                0x0000035c                __vector_21
                0x00000238                CamIntAsm_waitForNewTrackingFrame
                0x00000352                __vector_15
                0x0000023e                CamIntAsm_acquireTrackingLine
                0x00000346                __vector_8
                0x00000350                __vector_14
                0x0000034a                __vector_10
                0x00000354                __vector_16
                0x0000035a                __vector_20
 .text          0x00000364       0x42 DebugInterface.o
                0x00000364                DebugInt_init
 .text          0x000003a6       0xe8 Executive.o
                0x000003a6                Exec_writeEventFifo
                0x000003c2                Exec_run
 .text          0x0000048e      0x44e FrameMgr.o
                0x00000832                FrameMgr_acquireFrame
                0x000007ca                FrameMgr_acquireLine
                0x0000086a                FrameMgr_dispatchEvent
                0x0000048e                FrameMgr_processFrame
                0x000007ba                FrameMgr_init
                0x00000546                FrameMgr_processLine
 .text          0x000008dc      0x1da I2CInterface.o
                0x00000966                __vector_24
                0x0000095a                I2CInt_isI2cBusy
                0x00000924                I2CInt_readData
                0x000008dc                I2CInt_init
                0x000008e8                I2CInt_writeData
 .text          0x00000ab6       0x40 Main.o
                0x00000ab6                main
 .text          0x00000af6       0x84 UartInterface.o
                0x00000af6                UartInt_init
                0x00000b14                UartInt_txByte
                0x00000b24                __vector_18
 .text          0x00000b7a      0x4f0 UIMgr.o
                0x00000bbe                UIMgr_flushTxBuffer
                0x00000ba2                UIMgr_writeTxFifo
                0x00000d56                UIMgr_processReceivedData
                0x00000cd4                UIMgr_init
                0x00000b7a                UIMgr_writeBufferToTxFifo
                0x00000be8                UIMgr_txBuffer
                0x00000c08                UIMgr_transmitPendingData
                0x0000104a                UIMgr_dispatchEvent
 .text          0x0000106a        0x0 c:/program files/winavr/bin/../lib/gcc/avr/4.3.3/avr5\libgcc.a(_exit.o)
 .text          0x0000106a        0x0 c:/program files/winavr/bin/../lib/gcc/avr/4.3.3/avr5\libgcc.a(_copy_data.o)
 .text          0x0000106a        0x0 c:/program files/winavr/bin/../lib/gcc/avr/4.3.3/avr5\libgcc.a(_clear_bss.o)
 .text          0x0000106a        0x0 c:/program files/winavr/bin/../lib/gcc/avr/4.3.3/../../../../avr/lib/avr5\libc.a(atoi.o)
 .text          0x0000106a        0x0 c:/program files/winavr/bin/../lib/gcc/avr/4.3.3/../../../../avr/lib/avr5\libc.a(mul10.o)
 .text          0x0000106a        0x0 c:/program files/winavr/bin/../lib/gcc/avr/4.3.3/../../../../avr/lib/avr5\libc.a(eerd_block_atmega328p.o)
 .text          0x0000106a        0x0 c:/program files/winavr/bin/../lib/gcc/avr/4.3.3/../../../../avr/lib/avr5\libc.a(eerd_byte_atmega328p.o)
 .text          0x0000106a        0x0 c:/program files/winavr/bin/../lib/gcc/avr/4.3.3/../../../../avr/lib/avr5\libc.a(eewr_byte_atmega328p.o)
                0x0000106a                . = ALIGN (0x2)
 *(.text.*)
 .text.libgcc   0x0000106a        0x0 c:/program files/winavr/bin/../lib/gcc/avr/4.3.3/avr5\libgcc.a(_exit.o)
 .text.libgcc   0x0000106a        0x0 c:/program files/winavr/bin/../lib/gcc/avr/4.3.3/avr5\libgcc.a(_copy_data.o)
 .text.libgcc   0x0000106a        0x0 c:/program files/winavr/bin/../lib/gcc/avr/4.3.3/avr5\libgcc.a(_clear_bss.o)
 .text.avr-libc
                0x0000106a       0x3c c:/program files/winavr/bin/../lib/gcc/avr/4.3.3/../../../../avr/lib/avr5\libc.a(atoi.o)
                0x0000106a                atoi
 .text.avr-libc
                0x000010a6       0x10 c:/program files/winavr/bin/../lib/gcc/avr/4.3.3/../../../../avr/lib/avr5\libc.a(mul10.o)
                0x000010a6                __mulhi_const_10
 .text.avr-libc
                0x000010b6       0x20 c:/program files/winavr/bin/../lib/gcc/avr/4.3.3/../../../../avr/lib/avr5\libc.a(eerd_block_atmega328p.o)
                0x000010b6                __eerd_block_m328p
                0x000010ba                __eerd_blraw_m328p
 .text.avr-libc
                0x000010d6       0x10 c:/program files/winavr/bin/../lib/gcc/avr/4.3.3/../../../../avr/lib/avr5\libc.a(eerd_byte_atmega328p.o)
                0x000010d6                __eerd_byte_m328p
 .text.avr-libc
                0x000010e6       0x1c c:/program files/winavr/bin/../lib/gcc/avr/4.3.3/../../../../avr/lib/avr5\libc.a(eewr_byte_atmega328p.o)
                0x000010e6                __eewr_byte_m328p
                0x000010e8                __eewr_r18_m328p
                0x00001102                . = ALIGN (0x2)
 *(.fini9)
 .fini9         0x00001102        0x0 c:/program files/winavr/bin/../lib/gcc/avr/4.3.3/avr5\libgcc.a(_exit.o)
                0x00001102                exit
                0x00001102                _exit
 *(.fini9)
 *(.fini8)
 *(.fini8)
 *(.fini7)
 *(.fini7)
 *(.fini6)
 *(.fini6)
 *(.fini5)
 *(.fini5)
 *(.fini4)
 *(.fini4)
 *(.fini3)
 *(.fini3)
 *(.fini2)
 *(.fini2)
 *(.fini1)
 *(.fini1)
 *(.fini0)
 .fini0         0x00001102        0x4 c:/program files/winavr/bin/../lib/gcc/avr/4.3.3/avr5\libgcc.a(_exit.o)
 *(.fini0)
                0x00001106                _etext = .

.data           0x00800100       0x10 load address 0x00001106
                0x00800100                PROVIDE (__data_start, .)
 *(.data)
 .data          0x00800100        0x0 c:/program files/winavr/bin/../lib/gcc/avr/4.3.3/../../../../avr/lib/avr5/crtm328p.o
 .data          0x00800100        0x0 Utility.o
 .data          0x00800100        0x0 CamConfig.o
 .data          0x00800100        0x0 CamInterface.o
 .data          0x00800100        0x0 CamInterface2.o
 .data          0x00800100        0x0 CamInterfaceAsm.o
 .data          0x00800100        0x0 DebugInterface.o
 .data          0x00800100        0x0 Executive.o
 .data          0x00800100        0x0 FrameMgr.o
 .data          0x00800100        0x0 I2CInterface.o
 .data          0x00800100        0x0 Main.o
 .data          0x00800100        0x0 UartInterface.o
 .data          0x00800100       0x10 UIMgr.o
 .data          0x00800110        0x0 c:/program files/winavr/bin/../lib/gcc/avr/4.3.3/avr5\libgcc.a(_exit.o)
 .data          0x00800110        0x0 c:/program files/winavr/bin/../lib/gcc/avr/4.3.3/avr5\libgcc.a(_copy_data.o)
 .data          0x00800110        0x0 c:/program files/winavr/bin/../lib/gcc/avr/4.3.3/avr5\libgcc.a(_clear_bss.o)
 .data          0x00800110        0x0 c:/program files/winavr/bin/../lib/gcc/avr/4.3.3/../../../../avr/lib/avr5\libc.a(atoi.o)
 .data          0x00800110        0x0 c:/program files/winavr/bin/../lib/gcc/avr/4.3.3/../../../../avr/lib/avr5\libc.a(mul10.o)
 .data          0x00800110        0x0 c:/program files/winavr/bin/../lib/gcc/avr/4.3.3/../../../../avr/lib/avr5\libc.a(eerd_block_atmega328p.o)
 .data          0x00800110        0x0 c:/program files/winavr/bin/../lib/gcc/avr/4.3.3/../../../../avr/lib/avr5\libc.a(eerd_byte_atmega328p.o)
 .data          0x00800110        0x0 c:/program files/winavr/bin/../lib/gcc/avr/4.3.3/../../../../avr/lib/avr5\libc.a(eewr_byte_atmega328p.o)
 *(.data*)
 *(.rodata)
 *(.rodata*)
 *(.gnu.linkonce.d*)
                0x00800110                . = ALIGN (0x2)
                0x00800110                _edata = .
                0x00800110                PROVIDE (__data_end, .)

.bss            0x00800110      0x274
                0x00800110                PROVIDE (__bss_start, .)
 *(.bss)
 .bss           0x00800110        0x0 c:/program files/winavr/bin/../lib/gcc/avr/4.3.3/../../../../avr/lib/avr5/crtm328p.o
 .bss           0x00800110        0x0 Utility.o
 .bss           0x00800110        0x2 CamConfig.o
                0x00800110                CamConfig_txFifoHead
                0x00800111                CamConfig_txFifoTail
 .bss           0x00800112        0x0 CamInterface.o
 .bss           0x00800112        0x0 CamInterface2.o
 .bss           0x00800112        0x0 CamInterfaceAsm.o
 .bss           0x00800112        0x0 DebugInterface.o
 .bss           0x00800112        0x3 Executive.o
                0x00800113                Exec_eventFifoTail
                0x00800114                fastEventBitmask
                0x00800112                Exec_eventFifoHead
 .bss           0x00800115       0x45 FrameMgr.o
 .bss           0x0080015a        0x7 I2CInterface.o
 .bss           0x00800161        0x0 Main.o
 .bss           0x00800161        0x0 UartInterface.o
 .bss           0x00800161       0x4b UIMgr.o
                0x00800162                UIMgr_rxFifoTail
                0x00800164                UIMgr_txFifoTail
                0x00800163                UIMgr_txFifoHead
                0x00800161                UIMgr_rxFifoHead
 .bss           0x008001ac        0x0 c:/program files/winavr/bin/../lib/gcc/avr/4.3.3/avr5\libgcc.a(_exit.o)
 .bss           0x008001ac        0x0 c:/program files/winavr/bin/../lib/gcc/avr/4.3.3/avr5\libgcc.a(_copy_data.o)
 .bss           0x008001ac        0x0 c:/program files/winavr/bin/../lib/gcc/avr/4.3.3/avr5\libgcc.a(_clear_bss.o)
 .bss           0x008001ac        0x0 c:/program files/winavr/bin/../lib/gcc/avr/4.3.3/../../../../avr/lib/avr5\libc.a(atoi.o)
 .bss           0x008001ac        0x0 c:/program files/winavr/bin/../lib/gcc/avr/4.3.3/../../../../avr/lib/avr5\libc.a(mul10.o)
 .bss           0x008001ac        0x0 c:/program files/winavr/bin/../lib/gcc/avr/4.3.3/../../../../avr/lib/avr5\libc.a(eerd_block_atmega328p.o)
 .bss           0x008001ac        0x0 c:/program files/winavr/bin/../lib/gcc/avr/4.3.3/../../../../avr/lib/avr5\libc.a(eerd_byte_atmega328p.o)
 .bss           0x008001ac        0x0 c:/program files/winavr/bin/../lib/gcc/avr/4.3.3/../../../../avr/lib/avr5\libc.a(eewr_byte_atmega328p.o)
 *(.bss*)
 *(COMMON)
 COMMON         0x008001ac       0x10 CamConfig.o
                0x008001ac                CamConfig_txFifo
 COMMON         0x008001bc      0x160 CamInterface.o
                0x008001bc                previousLineBuffer
                0x0080026c                currentLineBuffer
 COMMON         0x0080031c        0x8 Executive.o
                0x0080031c                Exec_eventFifo
 COMMON         0x00800324       0x60 UIMgr.o
                0x00800324                UIMgr_rxFifo
                0x00800344                UIMgr_txFifo
                0x00800384                PROVIDE (__bss_end, .)
                0x00001106                __data_load_start = LOADADDR (.data)
                0x00001116                __data_load_end = (__data_load_start + SIZEOF (.data))

.noinit         0x00800400       0x30
                0x00800400                PROVIDE (__noinit_start, .)
 *(.noinit*)
 .noinit        0x00800400       0x30 CamInterface.o
                0x00800400                colorMap
                0x00800430                PROVIDE (__noinit_end, .)
                0x00800430                _end = .
                0x00800430                PROVIDE (__heap_start, .)

.eeprom         0x00810000        0x0
 *(.eeprom*)
                0x00810000                __eeprom_end = .

.fuse
 *(.fuse)
 *(.lfuse)
 *(.hfuse)
 *(.efuse)

.lock
 *(.lock*)

.signature
 *(.signature*)

.stab
 *(.stab)

.stabstr
 *(.stabstr)

.stab.excl
 *(.stab.excl)

.stab.exclstr
 *(.stab.exclstr)

.stab.index
 *(.stab.index)

.stab.indexstr
 *(.stab.indexstr)

.comment
 *(.comment)

.debug
 *(.debug)

.line
 *(.line)

.debug_srcinfo
 *(.debug_srcinfo)

.debug_sfnames
 *(.debug_sfnames)

.debug_aranges  0x00000000      0x180
 *(.debug_aranges)
 .debug_aranges
                0x00000000       0x20 Utility.o
 .debug_aranges
                0x00000020       0x20 CamConfig.o
 .debug_aranges
                0x00000040       0x20 CamInterface.o
 .debug_aranges
                0x00000060       0x20 CamInterface2.o
 .debug_aranges
                0x00000080       0x20 CamInterfaceAsm.o
 .debug_aranges
                0x000000a0       0x20 DebugInterface.o
 .debug_aranges
                0x000000c0       0x20 Executive.o
 .debug_aranges
                0x000000e0       0x20 FrameMgr.o
 .debug_aranges
                0x00000100       0x20 I2CInterface.o
 .debug_aranges
                0x00000120       0x20 Main.o
 .debug_aranges
                0x00000140       0x20 UartInterface.o
 .debug_aranges
                0x00000160       0x20 UIMgr.o

.debug_pubnames
                0x00000000      0x4be
 *(.debug_pubnames)
 .debug_pubnames
                0x00000000       0x24 Utility.o
 .debug_pubnames
                0x00000024       0xb9 CamConfig.o
 .debug_pubnames
                0x000000dd       0x70 CamInterface.o
 .debug_pubnames
                0x0000014d       0x24 DebugInterface.o
 .debug_pubnames
                0x00000171       0x8d Executive.o
 .debug_pubnames
                0x000001fe       0xa5 FrameMgr.o
 .debug_pubnames
                0x000002a3       0x70 I2CInterface.o
 .debug_pubnames
                0x00000313       0x1b Main.o
 .debug_pubnames
                0x0000032e       0x46 UartInterface.o
 .debug_pubnames
                0x00000374      0x14a UIMgr.o

.debug_info     0x00000000     0x153b
 *(.debug_info)
 .debug_info    0x00000000       0xaa Utility.o
 .debug_info    0x000000aa      0x1eb CamConfig.o
 .debug_info    0x00000295       0xdf CamInterface.o
 .debug_info    0x00000374       0x94 CamInterface2.o
 .debug_info    0x00000408       0x96 CamInterfaceAsm.o
 .debug_info    0x0000049e       0x80 DebugInterface.o
 .debug_info    0x0000051e      0x15e Executive.o
 .debug_info    0x0000067c      0x475 FrameMgr.o
 .debug_info    0x00000af1      0x1ce I2CInterface.o
 .debug_info    0x00000cbf       0x76 Main.o
 .debug_info    0x00000d35       0xfd UartInterface.o
 .debug_info    0x00000e32      0x709 UIMgr.o
 *(.gnu.linkonce.wi.*)

.debug_abbrev   0x00000000      0x8f8
 *(.debug_abbrev)
 .debug_abbrev  0x00000000       0x66 Utility.o
 .debug_abbrev  0x00000066      0x13b CamConfig.o
 .debug_abbrev  0x000001a1       0x6b CamInterface.o
 .debug_abbrev  0x0000020c       0x14 CamInterface2.o
 .debug_abbrev  0x00000220       0x14 CamInterfaceAsm.o
 .debug_abbrev  0x00000234       0x4e DebugInterface.o
 .debug_abbrev  0x00000282       0xca Executive.o
 .debug_abbrev  0x0000034c      0x1a3 FrameMgr.o
 .debug_abbrev  0x000004ef       0xc6 I2CInterface.o
 .debug_abbrev  0x000005b5       0x41 Main.o
 .debug_abbrev  0x000005f6       0x91 UartInterface.o
 .debug_abbrev  0x00000687      0x271 UIMgr.o

.debug_line     0x00000000     0x1536
 *(.debug_line)
 .debug_line    0x00000000       0x8e Utility.o
 .debug_line    0x0000008e      0x149 CamConfig.o
 .debug_line    0x000001d7       0xf1 CamInterface.o
 .debug_line    0x000002c8       0x48 CamInterface2.o
 .debug_line    0x00000310       0xd4 CamInterfaceAsm.o
 .debug_line    0x000003e4       0xbd DebugInterface.o
 .debug_line    0x000004a1      0x176 Executive.o
 .debug_line    0x00000617      0x52f FrameMgr.o
 .debug_line    0x00000b46      0x1fb I2CInterface.o
 .debug_line    0x00000d41       0xb3 Main.o
 .debug_line    0x00000df4       0xf6 UartInterface.o
 .debug_line    0x00000eea      0x64c UIMgr.o

.debug_frame    0x00000000      0x2d0
 *(.debug_frame)
 .debug_frame   0x00000000       0x20 Utility.o
 .debug_frame   0x00000020       0x50 CamConfig.o
 .debug_frame   0x00000070       0x30 CamInterface.o
 .debug_frame   0x000000a0       0x20 DebugInterface.o
 .debug_frame   0x000000c0       0x30 Executive.o
 .debug_frame   0x000000f0       0x70 FrameMgr.o
 .debug_frame   0x00000160       0x60 I2CInterface.o
 .debug_frame   0x000001c0       0x20 Main.o
 .debug_frame   0x000001e0       0x40 UartInterface.o
 .debug_frame   0x00000220       0xb0 UIMgr.o

.debug_str      0x00000000      0x977
 *(.debug_str)
 .debug_str     0x00000000       0xce Utility.o
                                0x102 (size before relaxing)
 .debug_str     0x000000ce       0xe0 CamConfig.o
                                0x1b3 (size before relaxing)
 .debug_str     0x000001ae       0x5c CamInterface.o
                                0x12a (size before relaxing)
 .debug_str     0x0000020a       0x22 DebugInterface.o
                                 0xf0 (size before relaxing)
 .debug_str     0x0000022c       0xa3 Executive.o
                                0x181 (size before relaxing)
 .debug_str     0x000002cf      0x30b FrameMgr.o
                                0x425 (size before relaxing)
 .debug_str     0x000005da       0x98 I2CInterface.o
                                0x18e (size before relaxing)
 .debug_str     0x00000672        0xf Main.o
                                 0xdd (size before relaxing)
 .debug_str     0x00000681       0x59 UartInterface.o
                                0x158 (size before relaxing)
 .debug_str     0x000006da      0x29d UIMgr.o
                                0x3bc (size before relaxing)

.debug_loc      0x00000000      0x7f1
 *(.debug_loc)
 .debug_loc     0x00000000       0x28 Utility.o
 .debug_loc     0x00000028       0x3e CamConfig.o
 .debug_loc     0x00000066       0x18 DebugInterface.o
 .debug_loc     0x0000007e       0x55 Executive.o
 .debug_loc     0x000000d3      0x38e FrameMgr.o
 .debug_loc     0x00000461       0x3c I2CInterface.o
 .debug_loc     0x0000049d       0x1e UartInterface.o
 .debug_loc     0x000004bb      0x336 UIMgr.o

.debug_macinfo
 *(.debug_macinfo)
OUTPUT(AVRcam.elf elf32-avr)
LOAD linker stubs

.debug_ranges   0x00000000      0x198
 .debug_ranges  0x00000000       0x18 CamConfig.o
 .debug_ranges  0x00000018       0x30 FrameMgr.o
 .debug_ranges  0x00000048      0x150 UIMgr.o
